Type mismatch in print or write statement: expected string, got integer
: Success
